// Jest Snapshot v1, https://goo.gl/fbAQLP

exports[`Container applies the correct styles 1`] = `
{
  "backgroundColor": "#FFFFFF",
  "borderBottomLeftRadius": 7,
  "borderBottomRightRadius": 7,
  "borderTopLeftRadius": 7,
  "borderTopRightRadius": 7,
  "flexDirection": "column",
  "paddingBottom": 16,
  "paddingLeft": 16,
  "paddingRight": 16,
  "paddingTop": 16,
}
`;
